// Jest Snapshot v1, https://goo.gl/fbAQLP

exports[`MyList Should render correctly 1`] = `
<div
  className="user-page"
>
  <header
    className="page-header user-page__head"
  >
    <div
      className="logo"
    >
      <a
        className="logo__link"
        href="/"
        onClick={[Function]}
      >
        <span
          className="logo__letter logo__letter--1"
        >
          W
        </span>
        <span
          className="logo__letter logo__letter--2"
        >
          T
        </span>
        <span
          className="logo__letter logo__letter--3"
        >
          W
        </span>
      </a>
    </div>
    <h1
      className="page-title user-page__title"
    >
      My list
    </h1>
    <div
      className="user-block"
    >
      <a
        className="user-block__avatar"
        href="/mylist"
        onClick={[Function]}
        style={
          Object {
            "display": "block",
          }
        }
      >
        <img
          alt="asdasd"
          height="63"
          src="https://4.react.pages.academy/wtw/asda.jpg"
          width="63"
        />
      </a>
    </div>
  </header>
  <section
    className="catalog"
  >
    <h2
      className="catalog__title visually-hidden"
    >
      Catalog
    </h2>
    <div
      className="catalog__movies-list"
    >
      <div
        className="catalog__movies-list"
      >
        <article
          className="small-movie-card catalog__movies-card"
          onMouseEnter={[Function]}
          onMouseLeave={[Function]}
        >
          <a
            className="small-movie-card__link"
            href="/films/1"
            onClick={[Function]}
          >
            <div
              className="small-movie-card__image"
            >
              <video
                height="100%"
                poster=""
                width="100%"
              >
                <source
                  src="https://upload.wikimedia.org/wikipedia/commons/transcoded/b/b3/Big_Buck_Bunny_Trailer_400p.ogv/Big_Buck_Bunny_Trailer_400p.ogv.360p.webm"
                />
              </video>
            </div>
            <h3
              className="small-movie-card__title"
            >
              Fantastic Beasts: The Crimes of Grindelwald
            </h3>
          </a>
        </article>
        <article
          className="small-movie-card catalog__movies-card"
          onMouseEnter={[Function]}
          onMouseLeave={[Function]}
        >
          <a
            className="small-movie-card__link"
            href="/films/2"
            onClick={[Function]}
          >
            <div
              className="small-movie-card__image"
            >
              <video
                height="100%"
                poster=""
                width="100%"
              >
                <source
                  src="https://upload.wikimedia.org/wikipedia/commons/transcoded/b/b3/Big_Buck_Bunny_Trailer_400p.ogv/Big_Buck_Bunny_Trailer_400p.ogv.360p.webm"
                />
              </video>
            </div>
            <h3
              className="small-movie-card__title"
            >
              Bohemian Rhapsody
            </h3>
          </a>
        </article>
        <article
          className="small-movie-card catalog__movies-card"
          onMouseEnter={[Function]}
          onMouseLeave={[Function]}
        >
          <a
            className="small-movie-card__link"
            href="/films/3"
            onClick={[Function]}
          >
            <div
              className="small-movie-card__image"
            >
              <video
                height="100%"
                poster=""
                width="100%"
              >
                <source
                  src="https://upload.wikimedia.org/wikipedia/commons/transcoded/b/b3/Big_Buck_Bunny_Trailer_400p.ogv/Big_Buck_Bunny_Trailer_400p.ogv.360p.webm"
                />
              </video>
            </div>
            <h3
              className="small-movie-card__title"
            >
              Macbeth
            </h3>
          </a>
        </article>
        <article
          className="small-movie-card catalog__movies-card"
          onMouseEnter={[Function]}
          onMouseLeave={[Function]}
        >
          <a
            className="small-movie-card__link"
            href="/films/4"
            onClick={[Function]}
          >
            <div
              className="small-movie-card__image"
            >
              <video
                height="100%"
                poster=""
                width="100%"
              >
                <source
                  src="https://download.blender.org/durian/trailer/sintel_trailer-480p.mp4"
                />
              </video>
            </div>
            <h3
              className="small-movie-card__title"
            >
              Aviator
            </h3>
          </a>
        </article>
        <article
          className="small-movie-card catalog__movies-card"
          onMouseEnter={[Function]}
          onMouseLeave={[Function]}
        >
          <a
            className="small-movie-card__link"
            href="/films/5"
            onClick={[Function]}
          >
            <div
              className="small-movie-card__image"
            >
              <video
                height="100%"
                poster=""
                width="100%"
              >
                <source
                  src="https://upload.wikimedia.org/wikipedia/commons/transcoded/b/b3/Big_Buck_Bunny_Trailer_400p.ogv/Big_Buck_Bunny_Trailer_400p.ogv.360p.webm"
                />
              </video>
            </div>
            <h3
              className="small-movie-card__title"
            >
              We need to talk about Kevin
            </h3>
          </a>
        </article>
        <article
          className="small-movie-card catalog__movies-card"
          onMouseEnter={[Function]}
          onMouseLeave={[Function]}
        >
          <a
            className="small-movie-card__link"
            href="/films/6"
            onClick={[Function]}
          >
            <div
              className="small-movie-card__image"
            >
              <video
                height="100%"
                poster=""
                width="100%"
              >
                <source
                  src="https://download.blender.org/durian/trailer/sintel_trailer-480p.mp4"
                />
              </video>
            </div>
            <h3
              className="small-movie-card__title"
            >
              What We Do in the Shadows
            </h3>
          </a>
        </article>
        <article
          className="small-movie-card catalog__movies-card"
          onMouseEnter={[Function]}
          onMouseLeave={[Function]}
        >
          <a
            className="small-movie-card__link"
            href="/films/7"
            onClick={[Function]}
          >
            <div
              className="small-movie-card__image"
            >
              <video
                height="100%"
                poster=""
                width="100%"
              >
                <source
                  src="https://upload.wikimedia.org/wikipedia/commons/transcoded/b/b3/Big_Buck_Bunny_Trailer_400p.ogv/Big_Buck_Bunny_Trailer_400p.ogv.360p.webm"
                />
              </video>
            </div>
            <h3
              className="small-movie-card__title"
            >
              Revenant
            </h3>
          </a>
        </article>
        <article
          className="small-movie-card catalog__movies-card"
          onMouseEnter={[Function]}
          onMouseLeave={[Function]}
        >
          <a
            className="small-movie-card__link"
            href="/films/8"
            onClick={[Function]}
          >
            <div
              className="small-movie-card__image"
            >
              <video
                height="100%"
                poster=""
                width="100%"
              >
                <source
                  src="https://download.blender.org/durian/trailer/sintel_trailer-480p.mp4"
                />
              </video>
            </div>
            <h3
              className="small-movie-card__title"
            >
              Johnny English
            </h3>
          </a>
        </article>
        <article
          className="small-movie-card catalog__movies-card"
          onMouseEnter={[Function]}
          onMouseLeave={[Function]}
        >
          <a
            className="small-movie-card__link"
            href="/films/9"
            onClick={[Function]}
          >
            <div
              className="small-movie-card__image"
            >
              <video
                height="100%"
                poster=""
                width="100%"
              >
                <source
                  src="https://download.blender.org/durian/trailer/sintel_trailer-480p.mp4"
                />
              </video>
            </div>
            <h3
              className="small-movie-card__title"
            >
              Fantastic Beasts: The Crimes of Grindelwald
            </h3>
          </a>
        </article>
        <article
          className="small-movie-card catalog__movies-card"
          onMouseEnter={[Function]}
          onMouseLeave={[Function]}
        >
          <a
            className="small-movie-card__link"
            href="/films/10"
            onClick={[Function]}
          >
            <div
              className="small-movie-card__image"
            >
              <video
                height="100%"
                poster=""
                width="100%"
              >
                <source
                  src="https://upload.wikimedia.org/wikipedia/commons/transcoded/b/b3/Big_Buck_Bunny_Trailer_400p.ogv/Big_Buck_Bunny_Trailer_400p.ogv.360p.webm"
                />
              </video>
            </div>
            <h3
              className="small-movie-card__title"
            >
              Bohemian Rhapsody
            </h3>
          </a>
        </article>
      </div>
    </div>
  </section>
  <footer
    className="page-footer"
  >
    <div
      className="logo"
    >
      <a
        className="logo__link logo__link--light"
        href="main.html"
      >
        <span
          className="logo__letter logo__letter--1"
        >
          W
        </span>
        <span
          className="logo__letter logo__letter--2"
        >
          T
        </span>
        <span
          className="logo__letter logo__letter--3"
        >
          W
        </span>
      </a>
    </div>
    <div
      className="copyright"
    >
      <p>
        © 2019 What to watch Ltd.
      </p>
    </div>
  </footer>
</div>
`;
